// Jest Snapshot v1, https://goo.gl/fbAQLP

exports[`App renders 1 x TradeList Component 1`] = `
<table
  className="table"
>
  <thead>
    <tr>
      <th>
        Product ID
      </th>
      <th>
        Quantity
      </th>
      <th>
        Price
      </th>
    </tr>
  </thead>
  <tbody>
    <tr>
      <td>
        FI_XBTUSD_180615
      </td>
      <td>
        500
      </td>
      <td>
        8641
      </td>
    </tr>
    <tr>
      <td>
        FI_XBTUSD_180615
      </td>
      <td>
        1200
      </td>
      <td>
        8616
      </td>
    </tr>
    <tr>
      <td>
        FI_XBTUSD_180615
      </td>
      <td>
        1200
      </td>
      <td>
        8615
      </td>
    </tr>
    <tr>
      <td>
        FI_XBTUSD_180615
      </td>
      <td>
        1200
      </td>
      <td>
        8615
      </td>
    </tr>
    <tr>
      <td>
        FI_XBTUSD_180615
      </td>
      <td>
        1200
      </td>
      <td>
        8614
      </td>
    </tr>
    <tr>
      <td>
        FI_XBTUSD_180615
      </td>
      <td>
        1200
      </td>
      <td>
        8613
      </td>
    </tr>
    <tr>
      <td>
        FI_XBTUSD_180615
      </td>
      <td>
        1200
      </td>
      <td>
        8613
      </td>
    </tr>
    <tr>
      <td>
        FI_XBTUSD_180615
      </td>
      <td>
        12000
      </td>
      <td>
        8606
      </td>
    </tr>
    <tr>
      <td>
        FI_XBTUSD_180615
      </td>
      <td>
        5000
      </td>
      <td>
        8603
      </td>
    </tr>
    <tr>
      <td>
        FI_XBTUSD_180615
      </td>
      <td>
        5000
      </td>
      <td>
        8600
      </td>
    </tr>
    <tr>
      <td>
        FI_XBTUSD_180615
      </td>
      <td>
        5000
      </td>
      <td>
        8593
      </td>
    </tr>
    <tr>
      <td>
        FI_XBTUSD_180615
      </td>
      <td>
        5000
      </td>
      <td>
        8596
      </td>
    </tr>
    <tr>
      <td>
        FI_XBTUSD_180615
      </td>
      <td>
        5000
      </td>
      <td>
        8598
      </td>
    </tr>
    <tr>
      <td>
        FI_XBTUSD_180615
      </td>
      <td>
        5000
      </td>
      <td>
        8601
      </td>
    </tr>
    <tr>
      <td>
        FI_XBTUSD_180615
      </td>
      <td>
        5000
      </td>
      <td>
        8605
      </td>
    </tr>
    <tr>
      <td>
        FI_XBTUSD_180615
      </td>
      <td>
        17000
      </td>
      <td>
        8594
      </td>
    </tr>
    <tr>
      <td>
        FI_XBTUSD_180615
      </td>
      <td>
        35000
      </td>
      <td>
        8565
      </td>
    </tr>
    <tr>
      <td>
        FI_XBTUSD_180615
      </td>
      <td>
        1500
      </td>
      <td>
        8569
      </td>
    </tr>
    <tr>
      <td>
        FI_XBTUSD_180615
      </td>
      <td>
        20000
      </td>
      <td>
        8590
      </td>
    </tr>
    <tr>
      <td>
        FI_XBTUSD_180615
      </td>
      <td>
        6000
      </td>
      <td>
        8575
      </td>
    </tr>
    <tr>
      <td>
        FI_XBTUSD_180615
      </td>
      <td>
        3400
      </td>
      <td>
        8591
      </td>
    </tr>
    <tr>
      <td>
        FI_XBTUSD_180615
      </td>
      <td>
        20000
      </td>
      <td>
        8581
      </td>
    </tr>
    <tr>
      <td>
        FI_XBTUSD_180615
      </td>
      <td>
        1600
      </td>
      <td>
        8576
      </td>
    </tr>
    <tr>
      <td>
        FI_XBTUSD_180615
      </td>
      <td>
        600
      </td>
      <td>
        8566
      </td>
    </tr>
    <tr>
      <td>
        FI_XBTUSD_180615
      </td>
      <td>
        4900
      </td>
      <td>
        8557
      </td>
    </tr>
    <tr>
      <td>
        FI_XBTUSD_180615
      </td>
      <td>
        20000
      </td>
      <td>
        8542
      </td>
    </tr>
    <tr>
      <td>
        FI_XBTUSD_180615
      </td>
      <td>
        100
      </td>
      <td>
        8540
      </td>
    </tr>
    <tr>
      <td>
        FI_XBTUSD_180615
      </td>
      <td>
        100
      </td>
      <td>
        8525
      </td>
    </tr>
    <tr>
      <td>
        FI_XBTUSD_180615
      </td>
      <td>
        12400
      </td>
      <td>
        8531
      </td>
    </tr>
    <tr>
      <td>
        FI_XBTUSD_180615
      </td>
      <td>
        100
      </td>
      <td>
        8528
      </td>
    </tr>
    <tr>
      <td>
        FI_XBTUSD_180615
      </td>
      <td>
        100
      </td>
      <td>
        8501
      </td>
    </tr>
    <tr>
      <td>
        FI_XBTUSD_180615
      </td>
      <td>
        100
      </td>
      <td>
        8516
      </td>
    </tr>
    <tr>
      <td>
        FI_XBTUSD_180615
      </td>
      <td>
        100
      </td>
      <td>
        8501
      </td>
    </tr>
    <tr>
      <td>
        FI_XBTUSD_180615
      </td>
      <td>
        100
      </td>
      <td>
        8494
      </td>
    </tr>
    <tr>
      <td>
        FI_XBTUSD_180615
      </td>
      <td>
        4
      </td>
      <td>
        8500
      </td>
    </tr>
    <tr>
      <td>
        FI_XBTUSD_180615
      </td>
      <td>
        4
      </td>
      <td>
        8502
      </td>
    </tr>
    <tr>
      <td>
        FI_XBTUSD_180615
      </td>
      <td>
        1500
      </td>
      <td>
        8506
      </td>
    </tr>
    <tr>
      <td>
        FI_XBTUSD_180615
      </td>
      <td>
        2500
      </td>
      <td>
        8486
      </td>
    </tr>
    <tr>
      <td>
        FI_XBTUSD_180615
      </td>
      <td>
        2500
      </td>
      <td>
        8544
      </td>
    </tr>
    <tr>
      <td>
        FI_XBTUSD_180615
      </td>
      <td>
        5000
      </td>
      <td>
        8544
      </td>
    </tr>
    <tr>
      <td>
        FI_XBTUSD_180615
      </td>
      <td>
        596
      </td>
      <td>
        8525
      </td>
    </tr>
    <tr>
      <td>
        FI_XBTUSD_180615
      </td>
      <td>
        4
      </td>
      <td>
        8525
      </td>
    </tr>
    <tr>
      <td>
        FI_XBTUSD_180615
      </td>
      <td>
        200
      </td>
      <td>
        8590
      </td>
    </tr>
    <tr>
      <td>
        FI_XBTUSD_180615
      </td>
      <td>
        1000
      </td>
      <td>
        8606
      </td>
    </tr>
    <tr>
      <td>
        FI_XBTUSD_180615
      </td>
      <td>
        10000
      </td>
      <td>
        8616
      </td>
    </tr>
    <tr>
      <td>
        FI_XBTUSD_180615
      </td>
      <td>
        900
      </td>
      <td>
        8608
      </td>
    </tr>
    <tr>
      <td>
        FI_XBTUSD_180615
      </td>
      <td>
        100
      </td>
      <td>
        8601
      </td>
    </tr>
    <tr>
      <td>
        FI_XBTUSD_180615
      </td>
      <td>
        900
      </td>
      <td>
        8600
      </td>
    </tr>
    <tr>
      <td>
        FI_XBTUSD_180615
      </td>
      <td>
        900
      </td>
      <td>
        8597
      </td>
    </tr>
    <tr>
      <td>
        FI_XBTUSD_180615
      </td>
      <td>
        2000
      </td>
      <td>
        8559
      </td>
    </tr>
    <tr>
      <td>
        FI_XBTUSD_180615
      </td>
      <td>
        1804
      </td>
      <td>
        8600
      </td>
    </tr>
    <tr>
      <td>
        FI_XBTUSD_180615
      </td>
      <td>
        2596
      </td>
      <td>
        8600
      </td>
    </tr>
    <tr>
      <td>
        FI_XBTUSD_180615
      </td>
      <td>
        99
      </td>
      <td>
        8633
      </td>
    </tr>
    <tr>
      <td>
        FI_XBTUSD_180615
      </td>
      <td>
        4
      </td>
      <td>
        8633
      </td>
    </tr>
    <tr>
      <td>
        FI_XBTUSD_180615
      </td>
      <td>
        299
      </td>
      <td>
        8633
      </td>
    </tr>
    <tr>
      <td>
        FI_XBTUSD_180615
      </td>
      <td>
        1300
      </td>
      <td>
        8688
      </td>
    </tr>
    <tr>
      <td>
        FI_XBTUSD_180615
      </td>
      <td>
        1500
      </td>
      <td>
        8692
      </td>
    </tr>
    <tr>
      <td>
        FI_XBTUSD_180615
      </td>
      <td>
        10000
      </td>
      <td>
        8681
      </td>
    </tr>
    <tr>
      <td>
        FI_XBTUSD_180615
      </td>
      <td>
        1800
      </td>
      <td>
        8644
      </td>
    </tr>
    <tr>
      <td>
        FI_XBTUSD_180615
      </td>
      <td>
        600
      </td>
      <td>
        8653
      </td>
    </tr>
    <tr>
      <td>
        FI_XBTUSD_180615
      </td>
      <td>
        300
      </td>
      <td>
        8648
      </td>
    </tr>
    <tr>
      <td>
        FI_XBTUSD_180615
      </td>
      <td>
        1100
      </td>
      <td>
        8651
      </td>
    </tr>
    <tr>
      <td>
        FI_XBTUSD_180615
      </td>
      <td>
        10000
      </td>
      <td>
        8657
      </td>
    </tr>
    <tr>
      <td>
        FI_XBTUSD_180615
      </td>
      <td>
        1000
      </td>
      <td>
        8727
      </td>
    </tr>
    <tr>
      <td>
        FI_XBTUSD_180615
      </td>
      <td>
        800
      </td>
      <td>
        8725
      </td>
    </tr>
    <tr>
      <td>
        FI_XBTUSD_180615
      </td>
      <td>
        19416
      </td>
      <td>
        8707
      </td>
    </tr>
    <tr>
      <td>
        FI_XBTUSD_180615
      </td>
      <td>
        4
      </td>
      <td>
        8687
      </td>
    </tr>
    <tr>
      <td>
        FI_XBTUSD_180615
      </td>
      <td>
        10000
      </td>
      <td>
        8673
      </td>
    </tr>
    <tr>
      <td>
        FI_XBTUSD_180615
      </td>
      <td>
        900
      </td>
      <td>
        8694
      </td>
    </tr>
    <tr>
      <td>
        FI_XBTUSD_180615
      </td>
      <td>
        1300
      </td>
      <td>
        8686
      </td>
    </tr>
    <tr>
      <td>
        FI_XBTUSD_180615
      </td>
      <td>
        10000
      </td>
      <td>
        8683
      </td>
    </tr>
    <tr>
      <td>
        FI_XBTUSD_180615
      </td>
      <td>
        600
      </td>
      <td>
        8701
      </td>
    </tr>
    <tr>
      <td>
        FI_XBTUSD_180615
      </td>
      <td>
        500
      </td>
      <td>
        8684
      </td>
    </tr>
    <tr>
      <td>
        FI_XBTUSD_180615
      </td>
      <td>
        500
      </td>
      <td>
        8676
      </td>
    </tr>
    <tr>
      <td>
        FI_XBTUSD_180615
      </td>
      <td>
        700
      </td>
      <td>
        8680
      </td>
    </tr>
    <tr>
      <td>
        FI_XBTUSD_180615
      </td>
      <td>
        100
      </td>
      <td>
        8721
      </td>
    </tr>
    <tr>
      <td>
        FI_XBTUSD_180615
      </td>
      <td>
        100
      </td>
      <td>
        8727
      </td>
    </tr>
    <tr>
      <td>
        FI_XBTUSD_180615
      </td>
      <td>
        19839
      </td>
      <td>
        8730
      </td>
    </tr>
    <tr>
      <td>
        FI_XBTUSD_180615
      </td>
      <td>
        694
      </td>
      <td>
        8774
      </td>
    </tr>
    <tr>
      <td>
        FI_XBTUSD_180615
      </td>
      <td>
        198
      </td>
      <td>
        8753
      </td>
    </tr>
    <tr>
      <td>
        FI_XBTUSD_180615
      </td>
      <td>
        297
      </td>
      <td>
        8753
      </td>
    </tr>
    <tr>
      <td>
        FI_XBTUSD_180615
      </td>
      <td>
        198
      </td>
      <td>
        8753
      </td>
    </tr>
    <tr>
      <td>
        FI_XBTUSD_180615
      </td>
      <td>
        198
      </td>
      <td>
        8753
      </td>
    </tr>
    <tr>
      <td>
        FI_XBTUSD_180615
      </td>
      <td>
        694
      </td>
      <td>
        8753
      </td>
    </tr>
    <tr>
      <td>
        FI_XBTUSD_180615
      </td>
      <td>
        600
      </td>
      <td>
        8705
      </td>
    </tr>
    <tr>
      <td>
        FI_XBTUSD_180615
      </td>
      <td>
        2
      </td>
      <td>
        8718
      </td>
    </tr>
    <tr>
      <td>
        FI_XBTUSD_180615
      </td>
      <td>
        2
      </td>
      <td>
        8718
      </td>
    </tr>
    <tr>
      <td>
        FI_XBTUSD_180615
      </td>
      <td>
        2
      </td>
      <td>
        8718
      </td>
    </tr>
    <tr>
      <td>
        FI_XBTUSD_180615
      </td>
      <td>
        2
      </td>
      <td>
        8718
      </td>
    </tr>
    <tr>
      <td>
        FI_XBTUSD_180615
      </td>
      <td>
        3300
      </td>
      <td>
        8705
      </td>
    </tr>
    <tr>
      <td>
        FI_XBTUSD_180615
      </td>
      <td>
        2700
      </td>
      <td>
        8709
      </td>
    </tr>
    <tr>
      <td>
        FI_XBTUSD_180615
      </td>
      <td>
        20000
      </td>
      <td>
        8722
      </td>
    </tr>
    <tr>
      <td>
        FI_XBTUSD_180615
      </td>
      <td>
        52200
      </td>
      <td>
        8730
      </td>
    </tr>
    <tr>
      <td>
        FI_XBTUSD_180615
      </td>
      <td>
        17000
      </td>
      <td>
        8736
      </td>
    </tr>
    <tr>
      <td>
        FI_XBTUSD_180615
      </td>
      <td>
        12500
      </td>
      <td>
        8746
      </td>
    </tr>
    <tr>
      <td>
        FI_XBTUSD_180615
      </td>
      <td>
        20000
      </td>
      <td>
        8765
      </td>
    </tr>
    <tr>
      <td>
        FI_XBTUSD_180615
      </td>
      <td>
        1336
      </td>
      <td>
        8767
      </td>
    </tr>
    <tr>
      <td>
        FI_XBTUSD_180615
      </td>
      <td>
        2
      </td>
      <td>
        8768
      </td>
    </tr>
    <tr>
      <td>
        FI_XBTUSD_180615
      </td>
      <td>
        2569
      </td>
      <td>
        8777
      </td>
    </tr>
    <tr>
      <td>
        FI_XBTUSD_180615
      </td>
      <td>
        102
      </td>
      <td>
        8777
      </td>
    </tr>
  </tbody>
</table>
`;

exports[`App renders without crashing 1`] = `
<table
  className="table"
>
  <thead>
    <tr>
      <th>
        Product ID
      </th>
      <th>
        Quantity
      </th>
      <th>
        Price
      </th>
    </tr>
  </thead>
  <tbody />
</table>
`;
